// Jest Snapshot v1, https://goo.gl/fbAQLP

exports[`<CartItem /> should match the snapshot 1`] = `
Object {
  "asFragment": [Function],
  "baseElement": .c1 {
  width: 100%;
  height: 2em;
  border: 2px solid darkred;
  border-radius: 8px;
  font-weight: 700;
  background-color: #FAFAFA;
  -webkit-transition: 300ms ease-in-out;
  transition: 300ms ease-in-out;
  -webkit-transition-property: background-color,color;
  transition-property: background-color,color;
}

.c1:not(:disabled):hover {
  background-color: darkred;
  color: white;
  cursor: pointer;
}

.c0 {
  -webkit-animation: evplCe 300ms ease-in-out forwards;
  animation: evplCe 300ms ease-in-out forwards;
  display: -webkit-box;
  display: -webkit-flex;
  display: -ms-flexbox;
  display: flex;
  background-color: #FAFAFA;
  border-radius: 8px;
  padding: 1rem;
}

.c0 > img {
  max-width: 30%;
}

.c0 .item-info {
  display: grid;
  grid-template-areas: "name name" "price btn";
  grid-template-rows: 1fr 1fr;
  -webkit-align-items: center;
  -webkit-box-align: center;
  -ms-flex-align: center;
  align-items: center;
  -webkit-flex: 1;
  -ms-flex: 1;
  flex: 1;
}

.c0 .item-name {
  grid-area: name;
  text-transform: capitalize;
  font-weight: 700;
  font-size: 2rem;
}

.c0 .item-price {
  grid-area: price;
}

.c0 button {
  grid-area: btn;
}

<body>
    <div>
      <li
        class="c0"
        data-testid="cart-item"
      >
        <img
          alt="Imagem do produto"
          src="img"
        />
        <div
          class="item-info"
        >
          <p
            class="item-name"
          >
            testProduct
          </p>
          <p
            class="item-price"
          >
            $20
          </p>
          <button
            aria-label="Remove item from cart"
            class="c1"
            type="button"
          >
            remove
          </button>
        </div>
      </li>
    </div>
  </body>,
  "container": <div>
    <li
      class="styles__CartItemWrapper-sc-2uxl39-0 cnWdjo"
      data-testid="cart-item"
    >
      <img
        alt="Imagem do produto"
        src="img"
      />
      <div
        class="item-info"
      >
        <p
          class="item-name"
        >
          testProduct
        </p>
        <p
          class="item-price"
        >
          $20
        </p>
        <button
          aria-label="Remove item from cart"
          class="styles__ButtonWrapper-sc-136ut5a-0 PmdNa"
          type="button"
        >
          remove
        </button>
      </div>
    </li>
  </div>,
  "debug": [Function],
  "findAllByAltText": [Function],
  "findAllByDisplayValue": [Function],
  "findAllByLabelText": [Function],
  "findAllByPlaceholderText": [Function],
  "findAllByRole": [Function],
  "findAllByTestId": [Function],
  "findAllByText": [Function],
  "findAllByTitle": [Function],
  "findByAltText": [Function],
  "findByDisplayValue": [Function],
  "findByLabelText": [Function],
  "findByPlaceholderText": [Function],
  "findByRole": [Function],
  "findByTestId": [Function],
  "findByText": [Function],
  "findByTitle": [Function],
  "getAllByAltText": [Function],
  "getAllByDisplayValue": [Function],
  "getAllByLabelText": [Function],
  "getAllByPlaceholderText": [Function],
  "getAllByRole": [Function],
  "getAllByTestId": [Function],
  "getAllByText": [Function],
  "getAllByTitle": [Function],
  "getByAltText": [Function],
  "getByDisplayValue": [Function],
  "getByLabelText": [Function],
  "getByPlaceholderText": [Function],
  "getByRole": [Function],
  "getByTestId": [Function],
  "getByText": [Function],
  "getByTitle": [Function],
  "queryAllByAltText": [Function],
  "queryAllByDisplayValue": [Function],
  "queryAllByLabelText": [Function],
  "queryAllByPlaceholderText": [Function],
  "queryAllByRole": [Function],
  "queryAllByTestId": [Function],
  "queryAllByText": [Function],
  "queryAllByTitle": [Function],
  "queryByAltText": [Function],
  "queryByDisplayValue": [Function],
  "queryByLabelText": [Function],
  "queryByPlaceholderText": [Function],
  "queryByRole": [Function],
  "queryByTestId": [Function],
  "queryByText": [Function],
  "queryByTitle": [Function],
  "rerender": [Function],
  "unmount": [Function],
}
`;
